In move up, elements don't get attached.